Java HotSpot(TM) 64-Bit Server VM (25.191-b12) for windows-amd64 JRE (1.8.0_191-b12), built on Oct  6 2018 09:29:03 by "java_re" with MS VC++ 10.0 (VS2010)
Memory: 4k page, physical 16681304k(7648476k free), swap 33360704k(10233744k free)
CommandLine flags: -XX:-BytecodeVerificationLocal -XX:-BytecodeVerificationRemote -XX:+HeapDumpOnOutOfMemoryError -XX:HeapDumpPath=heap.hprof -XX:InitialHeapSize=209715200 -XX:+ManagementServer -XX:MaxHeapSize=209715200 -XX:+PrintGC -XX:+PrintGCDateStamps -XX:+PrintGCDetails -XX:+PrintGCTimeStamps -XX:TieredStopAtLevel=1 -XX:+UseCompressedClassPointers -XX:+UseCompressedOops -XX:+UseG1GC -XX:-UseLargePagesIndividualAllocation 
2020-09-11T13:32:11.110+0800: 0.389: [GC pause (G1 Evacuation Pause) (young), 0.0025615 secs]
   [Parallel Time: 2.0 ms, GC Workers: 8]
      [GC Worker Start (ms): Min: 389.2, Avg: 389.2, Max: 389.2, Diff: 0.0]
      [Ext Root Scanning (ms): Min: 0.1, Avg: 0.5, Max: 1.9, Diff: 1.8, Sum: 4.4]
      [Update RS (ms): Min: 0.0, Avg: 0.0, Max: 0.0, Diff: 0.0, Sum: 0.0]
         [Processed Buffers: Min: 0, Avg: 0.0, Max: 0, Diff: 0, Sum: 0]
      [Scan RS (ms): Min: 0.0, Avg: 0.0, Max: 0.0, Diff: 0.0, Sum: 0.0]
      [Code Root Scanning (ms): Min: 0.0, Avg: 0.4, Max: 1.5, Diff: 1.5, Sum: 3.1]
      [Object Copy (ms): Min: 0.0, Avg: 0.8, Max: 1.4, Diff: 1.4, Sum: 6.2]
      [Termination (ms): Min: 0.0, Avg: 0.2, Max: 0.3, Diff: 0.3, Sum: 1.4]
         [Termination Attempts: Min: 1, Avg: 3.3, Max: 7, Diff: 6, Sum: 26]
      [GC Worker Other (ms): Min: 0.0, Avg: 0.0, Max: 0.1, Diff: 0.1, Sum: 0.3]
      [GC Worker Total (ms): Min: 1.9, Avg: 1.9, Max: 2.0, Diff: 0.0, Sum: 15.5]
      [GC Worker End (ms): Min: 391.1, Avg: 391.1, Max: 391.1, Diff: 0.0]
   [Code Root Fixup: 0.0 ms]
   [Code Root Purge: 0.0 ms]
   [Clear CT: 0.0 ms]
   [Other: 0.5 ms]
      [Choose CSet: 0.0 ms]
      [Ref Proc: 0.4 ms]
      [Ref Enq: 0.0 ms]
      [Redirty Cards: 0.0 ms]
      [Humongous Register: 0.0 ms]
      [Humongous Reclaim: 0.0 ms]
      [Free CSet: 0.0 ms]
   [Eden: 10.0M(10.0M)->0.0B(21.0M) Survivors: 0.0B->2048.0K Heap: 10.0M(200.0M)->2175.5K(200.0M)]
 [Times: user=0.08 sys=0.00, real=0.00 secs] 
2020-09-11T13:32:11.290+0800: 0.569: [GC pause (G1 Evacuation Pause) (young), 0.0041617 secs]
   [Parallel Time: 2.7 ms, GC Workers: 8]
      [GC Worker Start (ms): Min: 568.7, Avg: 568.7, Max: 568.8, Diff: 0.1]
      [Ext Root Scanning (ms): Min: 0.2, Avg: 1.0, Max: 2.6, Diff: 2.4, Sum: 7.8]
      [Update RS (ms): Min: 0.0, Avg: 0.0, Max: 0.0, Diff: 0.0, Sum: 0.0]
         [Processed Buffers: Min: 0, Avg: 0.1, Max: 1, Diff: 1, Sum: 1]
      [Scan RS (ms): Min: 0.0, Avg: 0.0, Max: 0.0, Diff: 0.0, Sum: 0.0]
      [Code Root Scanning (ms): Min: 0.0, Avg: 0.3, Max: 2.2, Diff: 2.2, Sum: 2.4]
      [Object Copy (ms): Min: 0.0, Avg: 1.3, Max: 2.3, Diff: 2.3, Sum: 10.4]
      [Termination (ms): Min: 0.0, Avg: 0.1, Max: 0.1, Diff: 0.1, Sum: 0.5]
         [Termination Attempts: Min: 1, Avg: 11.3, Max: 25, Diff: 24, Sum: 90]
      [GC Worker Other (ms): Min: 0.0, Avg: 0.0, Max: 0.0, Diff: 0.0, Sum: 0.0]
      [GC Worker Total (ms): Min: 2.6, Avg: 2.7, Max: 2.7, Diff: 0.1, Sum: 21.3]
      [GC Worker End (ms): Min: 571.4, Avg: 571.4, Max: 571.4, Diff: 0.0]
   [Code Root Fixup: 0.0 ms]
   [Code Root Purge: 0.0 ms]
   [Clear CT: 0.1 ms]
   [Other: 1.3 ms]
      [Choose CSet: 0.0 ms]
      [Ref Proc: 1.1 ms]
      [Ref Enq: 0.0 ms]
      [Redirty Cards: 0.1 ms]
      [Humongous Register: 0.0 ms]
      [Humongous Reclaim: 0.0 ms]
      [Free CSet: 0.0 ms]
   [Eden: 21.0M(21.0M)->0.0B(117.0M) Survivors: 2048.0K->3072.0K Heap: 23.1M(200.0M)->6042.0K(200.0M)]
 [Times: user=0.00 sys=0.00, real=0.00 secs] 
2020-09-11T13:32:11.810+0800: 1.089: [GC pause (G1 Evacuation Pause) (young), 0.0087020 secs]
   [Parallel Time: 5.4 ms, GC Workers: 8]
      [GC Worker Start (ms): Min: 1089.4, Avg: 1089.8, Max: 1090.7, Diff: 1.3]
      [Ext Root Scanning (ms): Min: 0.0, Avg: 0.4, Max: 1.2, Diff: 1.2, Sum: 2.9]
      [Update RS (ms): Min: 0.0, Avg: 0.3, Max: 0.5, Diff: 0.5, Sum: 2.5]
         [Processed Buffers: Min: 0, Avg: 1.9, Max: 4, Diff: 4, Sum: 15]
      [Scan RS (ms): Min: 0.0, Avg: 0.0, Max: 0.0, Diff: 0.0, Sum: 0.1]
      [Code Root Scanning (ms): Min: 0.0, Avg: 1.1, Max: 4.1, Diff: 4.1, Sum: 8.6]
      [Object Copy (ms): Min: 0.0, Avg: 3.1, Max: 4.4, Diff: 4.3, Sum: 24.7]
      [Termination (ms): Min: 0.0, Avg: 0.1, Max: 0.1, Diff: 0.1, Sum: 0.5]
         [Termination Attempts: Min: 1, Avg: 1.6, Max: 3, Diff: 2, Sum: 13]
      [GC Worker Other (ms): Min: 0.0, Avg: 0.0, Max: 0.0, Diff: 0.0, Sum: 0.1]
      [GC Worker Total (ms): Min: 4.0, Avg: 4.9, Max: 5.3, Diff: 1.3, Sum: 39.2]
      [GC Worker End (ms): Min: 1094.7, Avg: 1094.7, Max: 1094.7, Diff: 0.0]
   [Code Root Fixup: 0.0 ms]
   [Code Root Purge: 0.0 ms]
   [Clear CT: 0.1 ms]
   [Other: 3.2 ms]
      [Choose CSet: 0.0 ms]
      [Ref Proc: 3.0 ms]
      [Ref Enq: 0.0 ms]
      [Redirty Cards: 0.0 ms]
      [Humongous Register: 0.0 ms]
      [Humongous Reclaim: 0.0 ms]
      [Free CSet: 0.1 ms]
   [Eden: 117.0M(117.0M)->0.0B(107.0M) Survivors: 3072.0K->13.0M Heap: 122.9M(200.0M)->15.0M(200.0M)]
 [Times: user=0.09 sys=0.00, real=0.01 secs] 
2020-09-11T13:32:12.053+0800: 1.332: [GC pause (G1 Evacuation Pause) (young), 0.0083989 secs]
   [Parallel Time: 5.0 ms, GC Workers: 8]
      [GC Worker Start (ms): Min: 1332.4, Avg: 1333.6, Max: 1337.3, Diff: 4.9]
      [Ext Root Scanning (ms): Min: 0.0, Avg: 0.2, Max: 0.8, Diff: 0.8, Sum: 2.0]
      [Update RS (ms): Min: 0.0, Avg: 0.1, Max: 0.2, Diff: 0.2, Sum: 0.6]
         [Processed Buffers: Min: 0, Avg: 1.1, Max: 4, Diff: 4, Sum: 9]
      [Scan RS (ms): Min: 0.0, Avg: 0.0, Max: 0.0, Diff: 0.0, Sum: 0.1]
      [Code Root Scanning (ms): Min: 0.0, Avg: 0.1, Max: 0.5, Diff: 0.5, Sum: 0.6]
      [Object Copy (ms): Min: 0.0, Avg: 3.2, Max: 4.4, Diff: 4.4, Sum: 25.6]
      [Termination (ms): Min: 0.0, Avg: 0.1, Max: 0.1, Diff: 0.1, Sum: 0.5]
         [Termination Attempts: Min: 1, Avg: 1.0, Max: 1, Diff: 0, Sum: 8]
      [GC Worker Other (ms): Min: 0.0, Avg: 0.0, Max: 0.0, Diff: 0.0, Sum: 0.1]
      [GC Worker Total (ms): Min: 0.0, Avg: 3.7, Max: 5.0, Diff: 4.9, Sum: 29.4]
      [GC Worker End (ms): Min: 1337.3, Avg: 1337.3, Max: 1337.3, Diff: 0.0]
   [Code Root Fixup: 0.0 ms]
   [Code Root Purge: 0.0 ms]
   [Clear CT: 0.1 ms]
   [Other: 3.2 ms]
      [Choose CSet: 0.0 ms]
      [Ref Proc: 3.0 ms]
      [Ref Enq: 0.0 ms]
      [Redirty Cards: 0.1 ms]
      [Humongous Register: 0.0 ms]
      [Humongous Reclaim: 0.0 ms]
      [Free CSet: 0.1 ms]
   [Eden: 107.0M(107.0M)->0.0B(106.0M) Survivors: 13.0M->14.0M Heap: 122.0M(200.0M)->16.9M(200.0M)]
 [Times: user=0.02 sys=0.01, real=0.01 secs] 
2020-09-11T13:32:12.414+0800: 1.693: [GC pause (G1 Evacuation Pause) (young), 0.0138347 secs]
   [Parallel Time: 5.5 ms, GC Workers: 8]
      [GC Worker Start (ms): Min: 1693.3, Avg: 1693.5, Max: 1694.3, Diff: 1.1]
      [Ext Root Scanning (ms): Min: 0.0, Avg: 0.3, Max: 1.2, Diff: 1.2, Sum: 2.1]
      [Update RS (ms): Min: 0.0, Avg: 0.1, Max: 0.2, Diff: 0.2, Sum: 0.6]
         [Processed Buffers: Min: 0, Avg: 1.1, Max: 4, Diff: 4, Sum: 9]
      [Scan RS (ms): Min: 0.0, Avg: 0.0, Max: 0.0, Diff: 0.0, Sum: 0.1]
      [Code Root Scanning (ms): Min: 0.0, Avg: 0.4, Max: 2.7, Diff: 2.7, Sum: 3.1]
      [Object Copy (ms): Min: 2.4, Avg: 4.4, Max: 4.9, Diff: 2.6, Sum: 35.0]
      [Termination (ms): Min: 0.0, Avg: 0.0, Max: 0.1, Diff: 0.1, Sum: 0.3]
         [Termination Attempts: Min: 1, Avg: 3.4, Max: 6, Diff: 5, Sum: 27]
      [GC Worker Other (ms): Min: 0.0, Avg: 0.0, Max: 0.0, Diff: 0.0, Sum: 0.1]
      [GC Worker Total (ms): Min: 4.3, Avg: 5.2, Max: 5.4, Diff: 1.1, Sum: 41.2]
      [GC Worker End (ms): Min: 1698.7, Avg: 1698.7, Max: 1698.7, Diff: 0.0]
   [Code Root Fixup: 0.0 ms]
   [Code Root Purge: 0.0 ms]
   [Clear CT: 0.1 ms]
   [Other: 8.3 ms]
      [Choose CSet: 0.0 ms]
      [Ref Proc: 8.1 ms]
      [Ref Enq: 0.1 ms]
      [Redirty Cards: 0.0 ms]
      [Humongous Register: 0.0 ms]
      [Humongous Reclaim: 0.0 ms]
      [Free CSet: 0.1 ms]
   [Eden: 106.0M(106.0M)->0.0B(105.0M) Survivors: 14.0M->15.0M Heap: 122.9M(200.0M)->26.7M(200.0M)]
 [Times: user=0.02 sys=0.00, real=0.01 secs] 
2020-09-11T13:32:12.732+0800: 2.011: [GC pause (G1 Evacuation Pause) (young), 0.0130373 secs]
   [Parallel Time: 3.7 ms, GC Workers: 8]
      [GC Worker Start (ms): Min: 2011.4, Avg: 2012.8, Max: 2014.9, Diff: 3.5]
      [Ext Root Scanning (ms): Min: 0.0, Avg: 0.2, Max: 0.4, Diff: 0.4, Sum: 1.2]
      [Update RS (ms): Min: 0.0, Avg: 0.2, Max: 0.7, Diff: 0.7, Sum: 1.9]
         [Processed Buffers: Min: 0, Avg: 1.6, Max: 4, Diff: 4, Sum: 13]
      [Scan RS (ms): Min: 0.0, Avg: 0.1, Max: 0.2, Diff: 0.2, Sum: 0.6]
      [Code Root Scanning (ms): Min: 0.0, Avg: 0.3, Max: 2.6, Diff: 2.6, Sum: 2.7]
      [Object Copy (ms): Min: 0.0, Avg: 1.3, Max: 2.7, Diff: 2.7, Sum: 10.3]
      [Termination (ms): Min: 0.0, Avg: 0.1, Max: 0.1, Diff: 0.1, Sum: 0.5]
         [Termination Attempts: Min: 1, Avg: 9.4, Max: 28, Diff: 27, Sum: 75]
      [GC Worker Other (ms): Min: 0.0, Avg: 0.0, Max: 0.0, Diff: 0.0, Sum: 0.1]
      [GC Worker Total (ms): Min: 0.1, Avg: 2.2, Max: 3.6, Diff: 3.5, Sum: 17.3]
      [GC Worker End (ms): Min: 2014.9, Avg: 2014.9, Max: 2014.9, Diff: 0.0]
   [Code Root Fixup: 0.0 ms]
   [Code Root Purge: 0.0 ms]
   [Clear CT: 0.4 ms]
   [Other: 8.9 ms]
      [Choose CSet: 0.0 ms]
      [Ref Proc: 8.1 ms]
      [Ref Enq: 0.1 ms]
      [Redirty Cards: 0.5 ms]
      [Humongous Register: 0.0 ms]
      [Humongous Reclaim: 0.0 ms]
      [Free CSet: 0.0 ms]
   [Eden: 105.0M(105.0M)->0.0B(105.0M) Survivors: 15.0M->15.0M Heap: 131.7M(200.0M)->31.5M(200.0M)]
 [Times: user=0.05 sys=0.00, real=0.01 secs] 
2020-09-11T13:32:13.050+0800: 2.329: [GC pause (G1 Evacuation Pause) (young), 0.0105114 secs]
   [Parallel Time: 3.7 ms, GC Workers: 8]
      [GC Worker Start (ms): Min: 2329.4, Avg: 2330.8, Max: 2332.9, Diff: 3.5]
      [Ext Root Scanning (ms): Min: 0.0, Avg: 0.6, Max: 3.3, Diff: 3.3, Sum: 4.7]
      [Update RS (ms): Min: 0.0, Avg: 0.3, Max: 0.6, Diff: 0.6, Sum: 2.1]
         [Processed Buffers: Min: 0, Avg: 2.1, Max: 6, Diff: 6, Sum: 17]
      [Scan RS (ms): Min: 0.0, Avg: 0.0, Max: 0.0, Diff: 0.0, Sum: 0.0]
      [Code Root Scanning (ms): Min: 0.0, Avg: 0.0, Max: 0.1, Diff: 0.1, Sum: 0.2]
      [Object Copy (ms): Min: 0.0, Avg: 1.1, Max: 2.3, Diff: 2.3, Sum: 9.1]
      [Termination (ms): Min: 0.0, Avg: 0.1, Max: 0.2, Diff: 0.2, Sum: 1.0]
         [Termination Attempts: Min: 1, Avg: 2.9, Max: 8, Diff: 7, Sum: 23]
      [GC Worker Other (ms): Min: 0.0, Avg: 0.0, Max: 0.0, Diff: 0.0, Sum: 0.0]
      [GC Worker Total (ms): Min: 0.0, Avg: 2.2, Max: 3.5, Diff: 3.5, Sum: 17.2]
      [GC Worker End (ms): Min: 2332.9, Avg: 2332.9, Max: 2332.9, Diff: 0.0]
   [Code Root Fixup: 0.0 ms]
   [Code Root Purge: 0.0 ms]
   [Clear CT: 0.4 ms]
   [Other: 6.3 ms]
      [Choose CSet: 0.0 ms]
      [Ref Proc: 5.9 ms]
      [Ref Enq: 0.1 ms]
      [Redirty Cards: 0.2 ms]
      [Humongous Register: 0.0 ms]
      [Humongous Reclaim: 0.0 ms]
      [Free CSet: 0.1 ms]
   [Eden: 105.0M(105.0M)->0.0B(105.0M) Survivors: 15.0M->15.0M Heap: 136.5M(200.0M)->31.5M(200.0M)]
 [Times: user=0.00 sys=0.01, real=0.01 secs] 
2020-09-11T13:32:13.143+0800: 2.422: [GC pause (Metadata GC Threshold) (young) (initial-mark), 0.0041041 secs]
   [Parallel Time: 3.0 ms, GC Workers: 8]
      [GC Worker Start (ms): Min: 2422.4, Avg: 2422.7, Max: 2422.9, Diff: 0.5]
      [Ext Root Scanning (ms): Min: 0.2, Avg: 1.1, Max: 2.3, Diff: 2.1, Sum: 8.7]
      [Update RS (ms): Min: 0.0, Avg: 0.1, Max: 0.2, Diff: 0.2, Sum: 0.8]
         [Processed Buffers: Min: 0, Avg: 1.1, Max: 4, Diff: 4, Sum: 9]
      [Scan RS (ms): Min: 0.0, Avg: 0.0, Max: 0.0, Diff: 0.0, Sum: 0.0]
      [Code Root Scanning (ms): Min: 0.0, Avg: 0.3, Max: 2.0, Diff: 2.0, Sum: 2.0]
      [Object Copy (ms): Min: 0.0, Avg: 1.0, Max: 2.1, Diff: 2.1, Sum: 7.9]
      [Termination (ms): Min: 0.0, Avg: 0.1, Max: 0.2, Diff: 0.2, Sum: 1.1]
         [Termination Attempts: Min: 1, Avg: 1.0, Max: 1, Diff: 0, Sum: 8]
      [GC Worker Other (ms): Min: 0.0, Avg: 0.0, Max: 0.0, Diff: 0.0, Sum: 0.0]
      [GC Worker Total (ms): Min: 2.3, Avg: 2.6, Max: 2.9, Diff: 0.6, Sum: 20.7]
      [GC Worker End (ms): Min: 2425.3, Avg: 2425.3, Max: 2425.3, Diff: 0.0]
   [Code Root Fixup: 0.0 ms]
   [Code Root Purge: 0.0 ms]
   [Clear CT: 0.2 ms]
   [Other: 0.9 ms]
      [Choose CSet: 0.0 ms]
      [Ref Proc: 0.6 ms]
      [Ref Enq: 0.0 ms]
      [Redirty Cards: 0.2 ms]
      [Humongous Register: 0.0 ms]
      [Humongous Reclaim: 0.0 ms]
      [Free CSet: 0.0 ms]
   [Eden: 23.0M(105.0M)->0.0B(114.0M) Survivors: 15.0M->6144.0K Heap: 54.5M(200.0M)->22.5M(200.0M)]
 [Times: user=0.00 sys=0.00, real=0.01 secs] 
2020-09-11T13:32:13.148+0800: 2.427: [GC concurrent-root-region-scan-start]
2020-09-11T13:32:13.150+0800: 2.429: [GC concurrent-root-region-scan-end, 0.0024472 secs]
2020-09-11T13:32:13.150+0800: 2.429: [GC concurrent-mark-start]
2020-09-11T13:32:13.156+0800: 2.435: [GC concurrent-mark-end, 0.0055965 secs]
2020-09-11T13:32:13.156+0800: 2.435: [GC remark 2020-09-11T13:32:13.156+0800: 2.435: [Finalize Marking, 0.0002021 secs] 2020-09-11T13:32:13.156+0800: 2.435: [GC ref-proc, 0.0007113 secs] 2020-09-11T13:32:13.157+0800: 2.436: [Unloading, 0.0022778 secs], 0.0034242 secs]
 [Times: user=0.00 sys=0.00, real=0.00 secs] 
2020-09-11T13:32:13.160+0800: 2.438: [GC cleanup 25M->18M(200M), 0.0003931 secs]
 [Times: user=0.00 sys=0.00, real=0.00 secs] 
2020-09-11T13:32:13.160+0800: 2.439: [GC concurrent-cleanup-start]
2020-09-11T13:32:13.160+0800: 2.439: [GC concurrent-cleanup-end, 0.0000108 secs]
2020-09-11T13:32:13.623+0800: 2.902: [GC pause (G1 Evacuation Pause) (young), 0.0079186 secs]
   [Parallel Time: 5.2 ms, GC Workers: 8]
      [GC Worker Start (ms): Min: 2902.3, Avg: 2903.9, Max: 2907.5, Diff: 5.1]
      [Ext Root Scanning (ms): Min: 0.0, Avg: 0.2, Max: 0.8, Diff: 0.8, Sum: 1.8]
      [Update RS (ms): Min: 0.0, Avg: 0.2, Max: 0.6, Diff: 0.6, Sum: 1.5]
         [Processed Buffers: Min: 0, Avg: 1.6, Max: 5, Diff: 5, Sum: 13]
      [Scan RS (ms): Min: 0.0, Avg: 0.0, Max: 0.0, Diff: 0.0, Sum: 0.0]
      [Code Root Scanning (ms): Min: 0.0, Avg: 1.1, Max: 4.3, Diff: 4.3, Sum: 8.6]
      [Object Copy (ms): Min: 0.0, Avg: 2.1, Max: 4.2, Diff: 4.2, Sum: 16.7]
      [Termination (ms): Min: 0.0, Avg: 0.1, Max: 0.1, Diff: 0.1, Sum: 0.4]
         [Termination Attempts: Min: 1, Avg: 1.1, Max: 2, Diff: 1, Sum: 9]
      [GC Worker Other (ms): Min: 0.0, Avg: 0.0, Max: 0.0, Diff: 0.0, Sum: 0.0]
      [GC Worker Total (ms): Min: 0.0, Avg: 3.6, Max: 5.2, Diff: 5.2, Sum: 29.1]
      [GC Worker End (ms): Min: 2907.5, Avg: 2907.5, Max: 2907.5, Diff: 0.0]
   [Code Root Fixup: 0.0 ms]
   [Code Root Purge: 0.0 ms]
   [Clear CT: 0.2 ms]
   [Other: 2.5 ms]
      [Choose CSet: 0.0 ms]
      [Ref Proc: 2.1 ms]
      [Ref Enq: 0.0 ms]
      [Redirty Cards: 0.2 ms]
      [Humongous Register: 0.0 ms]
      [Humongous Reclaim: 0.0 ms]
      [Free CSet: 0.0 ms]
   [Eden: 114.0M(114.0M)->0.0B(107.0M) Survivors: 6144.0K->13.0M Heap: 130.0M(200.0M)->22.5M(200.0M)]
 [Times: user=0.00 sys=0.00, real=0.01 secs] 
2020-09-11T13:32:14.163+0800: 3.442: [GC pause (G1 Evacuation Pause) (young), 0.0100014 secs]
   [Parallel Time: 7.9 ms, GC Workers: 8]
      [GC Worker Start (ms): Min: 3442.3, Avg: 3445.2, Max: 3450.1, Diff: 7.9]
      [Ext Root Scanning (ms): Min: 0.0, Avg: 1.3, Max: 7.8, Diff: 7.8, Sum: 10.6]
      [Update RS (ms): Min: 0.0, Avg: 0.2, Max: 0.7, Diff: 0.7, Sum: 1.9]
         [Processed Buffers: Min: 0, Avg: 1.6, Max: 7, Diff: 7, Sum: 13]
      [Scan RS (ms): Min: 0.0, Avg: 0.0, Max: 0.0, Diff: 0.0, Sum: 0.1]
      [Code Root Scanning (ms): Min: 0.0, Avg: 0.1, Max: 0.3, Diff: 0.3, Sum: 0.5]
      [Object Copy (ms): Min: 0.0, Avg: 3.2, Max: 6.7, Diff: 6.7, Sum: 25.7]
      [Termination (ms): Min: 0.0, Avg: 0.1, Max: 0.1, Diff: 0.1, Sum: 0.5]
         [Termination Attempts: Min: 1, Avg: 2.1, Max: 6, Diff: 5, Sum: 17]
      [GC Worker Other (ms): Min: 0.0, Avg: 0.0, Max: 0.0, Diff: 0.0, Sum: 0.0]
      [GC Worker Total (ms): Min: 0.0, Avg: 4.9, Max: 7.9, Diff: 7.9, Sum: 39.3]
      [GC Worker End (ms): Min: 3450.1, Avg: 3450.2, Max: 3450.2, Diff: 0.0]
   [Code Root Fixup: 0.0 ms]
   [Code Root Purge: 0.0 ms]
   [Clear CT: 0.1 ms]
   [Other: 1.9 ms]
      [Choose CSet: 0.0 ms]
      [Ref Proc: 1.7 ms]
      [Ref Enq: 0.0 ms]
      [Redirty Cards: 0.0 ms]
      [Humongous Register: 0.0 ms]
      [Humongous Reclaim: 0.0 ms]
      [Free CSet: 0.1 ms]
   [Eden: 107.0M(107.0M)->0.0B(107.0M) Survivors: 13.0M->13.0M Heap: 129.5M(200.0M)->23.0M(200.0M)]
 [Times: user=0.06 sys=0.00, real=0.01 secs] 
2020-09-11T13:32:14.597+0800: 3.876: [GC pause (G1 Evacuation Pause) (young), 0.0134763 secs]
   [Parallel Time: 11.5 ms, GC Workers: 8]
      [GC Worker Start (ms): Min: 3875.6, Avg: 3880.1, Max: 3887.0, Diff: 11.4]
      [Ext Root Scanning (ms): Min: 0.0, Avg: 0.5, Max: 1.8, Diff: 1.8, Sum: 4.3]
      [Update RS (ms): Min: 0.0, Avg: 0.3, Max: 0.8, Diff: 0.8, Sum: 2.3]
         [Processed Buffers: Min: 0, Avg: 2.0, Max: 5, Diff: 5, Sum: 16]
      [Scan RS (ms): Min: 0.0, Avg: 0.0, Max: 0.0, Diff: 0.0, Sum: 0.0]
      [Code Root Scanning (ms): Min: 0.0, Avg: 1.2, Max: 9.4, Diff: 9.4, Sum: 9.7]
      [Object Copy (ms): Min: 0.0, Avg: 4.6, Max: 9.5, Diff: 9.5, Sum: 37.1]
      [Termination (ms): Min: 0.0, Avg: 0.2, Max: 0.3, Diff: 0.3, Sum: 1.7]
         [Termination Attempts: Min: 1, Avg: 2.4, Max: 6, Diff: 5, Sum: 19]
      [GC Worker Other (ms): Min: 0.0, Avg: 0.0, Max: 0.0, Diff: 0.0, Sum: 0.1]
      [GC Worker Total (ms): Min: 0.0, Avg: 6.9, Max: 11.4, Diff: 11.4, Sum: 55.1]
      [GC Worker End (ms): Min: 3887.0, Avg: 3887.0, Max: 3887.1, Diff: 0.0]
   [Code Root Fixup: 0.0 ms]
   [Code Root Purge: 0.0 ms]
   [Clear CT: 0.1 ms]
   [Other: 1.8 ms]
      [Choose CSet: 0.0 ms]
      [Ref Proc: 1.6 ms]
      [Ref Enq: 0.0 ms]
      [Redirty Cards: 0.1 ms]
      [Humongous Register: 0.0 ms]
      [Humongous Reclaim: 0.0 ms]
      [Free CSet: 0.1 ms]
   [Eden: 107.0M(107.0M)->0.0B(105.0M) Survivors: 13.0M->15.0M Heap: 130.0M(200.0M)->28.7M(200.0M)]
 [Times: user=0.06 sys=0.00, real=0.01 secs] 
2020-09-11T13:32:15.230+0800: 4.508: [GC pause (Metadata GC Threshold) (young) (initial-mark), 0.0135006 secs]
   [Parallel Time: 11.6 ms, GC Workers: 8]
      [GC Worker Start (ms): Min: 4507.6, Avg: 4508.1, Max: 4508.8, Diff: 1.2]
      [Ext Root Scanning (ms): Min: 0.0, Avg: 4.4, Max: 10.8, Diff: 10.7, Sum: 35.6]
      [Update RS (ms): Min: 0.0, Avg: 0.4, Max: 1.0, Diff: 1.0, Sum: 3.3]
         [Processed Buffers: Min: 0, Avg: 2.9, Max: 10, Diff: 10, Sum: 23]
      [Scan RS (ms): Min: 0.0, Avg: 0.1, Max: 0.3, Diff: 0.3, Sum: 1.1]
      [Code Root Scanning (ms): Min: 0.0, Avg: 0.5, Max: 3.6, Diff: 3.6, Sum: 3.9]
      [Object Copy (ms): Min: 0.0, Avg: 5.4, Max: 9.5, Diff: 9.5, Sum: 43.4]
      [Termination (ms): Min: 0.0, Avg: 0.1, Max: 0.1, Diff: 0.1, Sum: 0.5]
         [Termination Attempts: Min: 1, Avg: 5.9, Max: 14, Diff: 13, Sum: 47]
      [GC Worker Other (ms): Min: 0.0, Avg: 0.0, Max: 0.0, Diff: 0.0, Sum: 0.1]
      [GC Worker Total (ms): Min: 10.3, Avg: 11.0, Max: 11.5, Diff: 1.2, Sum: 87.9]
      [GC Worker End (ms): Min: 4519.0, Avg: 4519.1, Max: 4519.1, Diff: 0.1]
   [Code Root Fixup: 0.0 ms]
   [Code Root Purge: 0.0 ms]
   [Clear CT: 0.2 ms]
   [Other: 1.7 ms]
      [Choose CSet: 0.0 ms]
      [Ref Proc: 1.3 ms]
      [Ref Enq: 0.0 ms]
      [Redirty Cards: 0.2 ms]
      [Humongous Register: 0.0 ms]
      [Humongous Reclaim: 0.0 ms]
      [Free CSet: 0.1 ms]
   [Eden: 100.0M(105.0M)->0.0B(106.0M) Survivors: 15.0M->14.0M Heap: 127.8M(200.0M)->36.6M(200.0M)]
 [Times: user=0.00 sys=0.00, real=0.01 secs] 
2020-09-11T13:32:15.243+0800: 4.521: [GC concurrent-root-region-scan-start]
2020-09-11T13:32:15.249+0800: 4.526: [GC concurrent-root-region-scan-end, 0.0053029 secs]
2020-09-11T13:32:15.249+0800: 4.526: [GC concurrent-mark-start]
2020-09-11T13:32:15.266+0800: 4.544: [GC concurrent-mark-end, 0.0174225 secs]
2020-09-11T13:32:15.266+0800: 4.544: [GC remark 2020-09-11T13:32:15.266+0800: 4.544: [Finalize Marking, 0.0001807 secs] 2020-09-11T13:32:15.266+0800: 4.544: [GC ref-proc, 0.0010463 secs] 2020-09-11T13:32:15.268+0800: 4.545: [Unloading, 0.0036676 secs], 0.0051512 secs]
 [Times: user=0.00 sys=0.00, real=0.00 secs] 
2020-09-11T13:32:15.272+0800: 4.550: [GC cleanup 38M->38M(200M), 0.0005534 secs]
 [Times: user=0.00 sys=0.00, real=0.00 secs] 
2020-09-11T13:32:16.222+0800: 5.500: [GC pause (G1 Evacuation Pause) (young), 0.0126844 secs]
   [Parallel Time: 9.4 ms, GC Workers: 8]
      [GC Worker Start (ms): Min: 5499.7, Avg: 5500.6, Max: 5502.0, Diff: 2.3]
      [Ext Root Scanning (ms): Min: 0.0, Avg: 0.4, Max: 1.4, Diff: 1.4, Sum: 3.2]
      [Update RS (ms): Min: 0.0, Avg: 0.9, Max: 1.7, Diff: 1.7, Sum: 6.9]
         [Processed Buffers: Min: 0, Avg: 3.3, Max: 7, Diff: 7, Sum: 26]
      [Scan RS (ms): Min: 0.0, Avg: 0.3, Max: 0.5, Diff: 0.5, Sum: 2.1]
      [Code Root Scanning (ms): Min: 0.0, Avg: 2.5, Max: 6.5, Diff: 6.5, Sum: 20.1]
      [Object Copy (ms): Min: 0.5, Avg: 4.4, Max: 6.9, Diff: 6.4, Sum: 35.5]
      [Termination (ms): Min: 0.0, Avg: 0.0, Max: 0.1, Diff: 0.1, Sum: 0.3]
         [Termination Attempts: Min: 1, Avg: 3.1, Max: 7, Diff: 6, Sum: 25]
      [GC Worker Other (ms): Min: 0.0, Avg: 0.0, Max: 0.0, Diff: 0.0, Sum: 0.0]
      [GC Worker Total (ms): Min: 7.1, Avg: 8.5, Max: 9.4, Diff: 2.3, Sum: 68.1]
      [GC Worker End (ms): Min: 5509.1, Avg: 5509.1, Max: 5509.1, Diff: 0.0]
   [Code Root Fixup: 0.0 ms]
   [Code Root Purge: 0.0 ms]
   [Clear CT: 0.1 ms]
   [Other: 3.1 ms]
      [Choose CSet: 0.0 ms]
      [Ref Proc: 2.7 ms]
      [Ref Enq: 0.0 ms]
      [Redirty Cards: 0.2 ms]
      [Humongous Register: 0.0 ms]
      [Humongous Reclaim: 0.0 ms]
      [Free CSet: 0.1 ms]
   [Eden: 106.0M(106.0M)->0.0B(106.0M) Survivors: 14.0M->14.0M Heap: 142.6M(200.0M)->45.0M(200.0M)]
 [Times: user=0.08 sys=0.00, real=0.01 secs] 
2020-09-11T13:32:16.699+0800: 5.977: [GC pause (G1 Evacuation Pause) (young), 0.0102087 secs]
   [Parallel Time: 8.8 ms, GC Workers: 8]
      [GC Worker Start (ms): Min: 5976.7, Avg: 5979.9, Max: 5985.4, Diff: 8.7]
      [Ext Root Scanning (ms): Min: 0.0, Avg: 1.4, Max: 8.7, Diff: 8.7, Sum: 11.3]
      [Update RS (ms): Min: 0.0, Avg: 0.7, Max: 1.6, Diff: 1.6, Sum: 5.7]
         [Processed Buffers: Min: 0, Avg: 3.5, Max: 11, Diff: 11, Sum: 28]
      [Scan RS (ms): Min: 0.0, Avg: 0.2, Max: 0.4, Diff: 0.4, Sum: 1.2]
      [Code Root Scanning (ms): Min: 0.0, Avg: 0.0, Max: 0.2, Diff: 0.2, Sum: 0.3]
      [Object Copy (ms): Min: 0.0, Avg: 3.1, Max: 6.3, Diff: 6.3, Sum: 24.7]
      [Termination (ms): Min: 0.0, Avg: 0.1, Max: 0.1, Diff: 0.1, Sum: 0.4]
         [Termination Attempts: Min: 1, Avg: 10.3, Max: 28, Diff: 27, Sum: 82]
      [GC Worker Other (ms): Min: 0.0, Avg: 0.0, Max: 0.0, Diff: 0.0, Sum: 0.0]
      [GC Worker Total (ms): Min: 0.0, Avg: 5.5, Max: 8.7, Diff: 8.7, Sum: 43.7]
      [GC Worker End (ms): Min: 5985.4, Avg: 5985.4, Max: 5985.4, Diff: 0.0]
   [Code Root Fixup: 0.0 ms]
   [Code Root Purge: 0.0 ms]
   [Clear CT: 0.1 ms]
   [Other: 1.3 ms]
      [Choose CSet: 0.0 ms]
      [Ref Proc: 1.0 ms]
      [Ref Enq: 0.0 ms]
      [Redirty Cards: 0.2 ms]
      [Humongous Register: 0.0 ms]
      [Humongous Reclaim: 0.0 ms]
      [Free CSet: 0.1 ms]
   [Eden: 106.0M(106.0M)->0.0B(105.0M) Survivors: 14.0M->15.0M Heap: 151.0M(200.0M)->45.5M(200.0M)]
 [Times: user=0.00 sys=0.00, real=0.01 secs] 
2020-09-11T13:32:17.279+0800: 6.557: [GC pause (G1 Evacuation Pause) (young), 0.0145098 secs]
   [Parallel Time: 11.6 ms, GC Workers: 8]
      [GC Worker Start (ms): Min: 6557.4, Avg: 6563.2, Max: 6568.9, Diff: 11.4]
      [Ext Root Scanning (ms): Min: 0.0, Avg: 0.5, Max: 1.5, Diff: 1.5, Sum: 3.6]
      [Update RS (ms): Min: 0.0, Avg: 0.6, Max: 1.4, Diff: 1.4, Sum: 5.0]
         [Processed Buffers: Min: 0, Avg: 2.9, Max: 10, Diff: 10, Sum: 23]
      [Scan RS (ms): Min: 0.0, Avg: 0.0, Max: 0.0, Diff: 0.0, Sum: 0.0]
      [Code Root Scanning (ms): Min: 0.0, Avg: 0.0, Max: 0.2, Diff: 0.2, Sum: 0.4]
      [Object Copy (ms): Min: 0.0, Avg: 4.6, Max: 9.3, Diff: 9.3, Sum: 36.5]
      [Termination (ms): Min: 0.0, Avg: 0.1, Max: 0.2, Diff: 0.2, Sum: 0.4]
         [Termination Attempts: Min: 1, Avg: 24.8, Max: 74, Diff: 73, Sum: 198]
      [GC Worker Other (ms): Min: 0.0, Avg: 0.0, Max: 0.0, Diff: 0.0, Sum: 0.1]
      [GC Worker Total (ms): Min: 0.0, Avg: 5.7, Max: 11.6, Diff: 11.6, Sum: 46.0]
      [GC Worker End (ms): Min: 6568.9, Avg: 6568.9, Max: 6569.0, Diff: 0.1]
   [Code Root Fixup: 0.0 ms]
   [Code Root Purge: 0.0 ms]
   [Clear CT: 0.3 ms]
   [Other: 2.5 ms]
      [Choose CSet: 0.0 ms]
      [Ref Proc: 2.2 ms]
      [Ref Enq: 0.0 ms]
      [Redirty Cards: 0.2 ms]
      [Humongous Register: 0.0 ms]
      [Humongous Reclaim: 0.0 ms]
      [Free CSet: 0.1 ms]
   [Eden: 105.0M(105.0M)->0.0B(105.0M) Survivors: 15.0M->15.0M Heap: 150.5M(200.0M)->50.5M(200.0M)]
 [Times: user=0.06 sys=0.00, real=0.01 secs] 
2020-09-11T13:32:17.531+0800: 6.809: [GC pause (G1 Evacuation Pause) (young), 0.0122701 secs]
   [Parallel Time: 10.4 ms, GC Workers: 8]
      [GC Worker Start (ms): Min: 6808.8, Avg: 6811.4, Max: 6818.6, Diff: 9.9]
      [Ext Root Scanning (ms): Min: 0.0, Avg: 1.6, Max: 9.8, Diff: 9.8, Sum: 13.1]
      [Update RS (ms): Min: 0.0, Avg: 1.9, Max: 9.3, Diff: 9.3, Sum: 14.9]
         [Processed Buffers: Min: 0, Avg: 3.1, Max: 12, Diff: 12, Sum: 25]
      [Scan RS (ms): Min: 0.0, Avg: 0.3, Max: 0.7, Diff: 0.7, Sum: 2.2]
      [Code Root Scanning (ms): Min: 0.0, Avg: 0.0, Max: 0.2, Diff: 0.2, Sum: 0.3]
      [Object Copy (ms): Min: 0.0, Avg: 3.5, Max: 7.1, Diff: 7.1, Sum: 27.9]
      [Termination (ms): Min: 0.0, Avg: 0.3, Max: 0.5, Diff: 0.5, Sum: 2.4]
         [Termination Attempts: Min: 1, Avg: 43.1, Max: 110, Diff: 109, Sum: 345]
      [GC Worker Other (ms): Min: 0.0, Avg: 0.0, Max: 0.0, Diff: 0.0, Sum: 0.0]
      [GC Worker Total (ms): Min: 0.3, Avg: 7.6, Max: 10.2, Diff: 9.9, Sum: 60.9]
      [GC Worker End (ms): Min: 6819.0, Avg: 6819.0, Max: 6819.1, Diff: 0.1]
   [Code Root Fixup: 0.0 ms]
   [Code Root Purge: 0.0 ms]
   [Clear CT: 0.2 ms]
   [Other: 1.7 ms]
      [Choose CSet: 0.0 ms]
      [Ref Proc: 1.3 ms]
      [Ref Enq: 0.0 ms]
      [Redirty Cards: 0.2 ms]
      [Humongous Register: 0.0 ms]
      [Humongous Reclaim: 0.0 ms]
      [Free CSet: 0.1 ms]
   [Eden: 105.0M(105.0M)->0.0B(109.0M) Survivors: 15.0M->11.0M Heap: 155.5M(200.0M)->51.7M(200.0M)]
 [Times: user=0.06 sys=0.00, real=0.01 secs] 
2020-09-11T13:32:17.979+0800: 7.257: [GC pause (G1 Evacuation Pause) (young), 0.0127950 secs]
   [Parallel Time: 10.6 ms, GC Workers: 8]
      [GC Worker Start (ms): Min: 7256.8, Avg: 7258.5, Max: 7266.9, Diff: 10.1]
      [Ext Root Scanning (ms): Min: 0.0, Avg: 0.4, Max: 1.3, Diff: 1.3, Sum: 3.2]
      [Update RS (ms): Min: 0.0, Avg: 3.0, Max: 9.6, Diff: 9.6, Sum: 24.0]
         [Processed Buffers: Min: 0, Avg: 3.5, Max: 13, Diff: 13, Sum: 28]
      [Scan RS (ms): Min: 0.0, Avg: 0.2, Max: 0.5, Diff: 0.5, Sum: 1.7]
      [Code Root Scanning (ms): Min: 0.0, Avg: 0.0, Max: 0.1, Diff: 0.1, Sum: 0.2]
      [Object Copy (ms): Min: 0.0, Avg: 4.9, Max: 10.0, Diff: 10.0, Sum: 38.9]
      [Termination (ms): Min: 0.0, Avg: 0.3, Max: 0.5, Diff: 0.5, Sum: 2.5]
         [Termination Attempts: Min: 1, Avg: 18.1, Max: 47, Diff: 46, Sum: 145]
      [GC Worker Other (ms): Min: 0.0, Avg: 0.0, Max: 0.0, Diff: 0.0, Sum: 0.0]
      [GC Worker Total (ms): Min: 0.4, Avg: 8.8, Max: 10.5, Diff: 10.1, Sum: 70.6]
      [GC Worker End (ms): Min: 7267.3, Avg: 7267.3, Max: 7267.4, Diff: 0.1]
   [Code Root Fixup: 0.0 ms]
   [Code Root Purge: 0.0 ms]
   [Clear CT: 0.4 ms]
   [Other: 1.7 ms]
      [Choose CSet: 0.0 ms]
      [Ref Proc: 1.1 ms]
      [Ref Enq: 0.0 ms]
      [Redirty Cards: 0.4 ms]
      [Humongous Register: 0.0 ms]
      [Humongous Reclaim: 0.0 ms]
      [Free CSet: 0.1 ms]
   [Eden: 109.0M(109.0M)->0.0B(109.0M) Survivors: 11.0M->11.0M Heap: 160.7M(200.0M)->56.6M(200.0M)]
 [Times: user=0.02 sys=0.00, real=0.01 secs] 
2020-09-11T13:32:18.420+0800: 7.698: [GC pause (G1 Evacuation Pause) (young), 0.0127200 secs]
   [Parallel Time: 11.2 ms, GC Workers: 8]
      [GC Worker Start (ms): Min: 7697.7, Avg: 7701.9, Max: 7708.8, Diff: 11.1]
      [Ext Root Scanning (ms): Min: 0.0, Avg: 1.8, Max: 11.0, Diff: 11.0, Sum: 14.4]
      [Update RS (ms): Min: 0.0, Avg: 1.2, Max: 2.6, Diff: 2.6, Sum: 9.7]
         [Processed Buffers: Min: 0, Avg: 4.0, Max: 11, Diff: 11, Sum: 32]
      [Scan RS (ms): Min: 0.0, Avg: 0.3, Max: 0.7, Diff: 0.7, Sum: 2.6]
      [Code Root Scanning (ms): Min: 0.0, Avg: 0.0, Max: 0.2, Diff: 0.2, Sum: 0.2]
      [Object Copy (ms): Min: 0.0, Avg: 3.5, Max: 7.2, Diff: 7.2, Sum: 28.1]
      [Termination (ms): Min: 0.0, Avg: 0.1, Max: 0.1, Diff: 0.1, Sum: 0.4]
         [Termination Attempts: Min: 1, Avg: 1.1, Max: 2, Diff: 1, Sum: 9]
      [GC Worker Other (ms): Min: 0.0, Avg: 0.0, Max: 0.0, Diff: 0.0, Sum: 0.1]
      [GC Worker Total (ms): Min: 0.0, Avg: 6.9, Max: 11.1, Diff: 11.1, Sum: 55.6]
      [GC Worker End (ms): Min: 7708.8, Avg: 7708.8, Max: 7708.9, Diff: 0.1]
   [Code Root Fixup: 0.0 ms]
   [Code Root Purge: 0.0 ms]
   [Clear CT: 0.2 ms]
   [Other: 1.3 ms]
      [Choose CSet: 0.0 ms]
      [Ref Proc: 0.9 ms]
      [Ref Enq: 0.0 ms]
      [Redirty Cards: 0.2 ms]
      [Humongous Register: 0.0 ms]
      [Humongous Reclaim: 0.0 ms]
      [Free CSet: 0.1 ms]
   [Eden: 109.0M(109.0M)->0.0B(108.0M) Survivors: 11.0M->12.0M Heap: 165.6M(200.0M)->57.6M(200.0M)]
 [Times: user=0.06 sys=0.00, real=0.01 secs] 
2020-09-11T13:32:18.896+0800: 8.174: [GC pause (G1 Evacuation Pause) (young), 0.0150229 secs]
   [Parallel Time: 13.4 ms, GC Workers: 8]
      [GC Worker Start (ms): Min: 8173.8, Avg: 8179.2, Max: 8187.1, Diff: 13.2]
      [Ext Root Scanning (ms): Min: 0.0, Avg: 0.4, Max: 1.4, Diff: 1.4, Sum: 3.3]
      [Update RS (ms): Min: 0.0, Avg: 1.2, Max: 2.6, Diff: 2.6, Sum: 9.6]
         [Processed Buffers: Min: 0, Avg: 3.9, Max: 12, Diff: 12, Sum: 31]
      [Scan RS (ms): Min: 0.0, Avg: 0.0, Max: 0.0, Diff: 0.0, Sum: 0.0]
      [Code Root Scanning (ms): Min: 0.0, Avg: 1.2, Max: 9.9, Diff: 9.9, Sum: 10.0]
      [Object Copy (ms): Min: 0.0, Avg: 4.9, Max: 10.0, Diff: 10.0, Sum: 39.5]
      [Termination (ms): Min: 0.0, Avg: 0.1, Max: 0.2, Diff: 0.2, Sum: 0.9]
         [Termination Attempts: Min: 1, Avg: 1.0, Max: 1, Diff: 0, Sum: 8]
      [GC Worker Other (ms): Min: 0.0, Avg: 0.0, Max: 0.0, Diff: 0.0, Sum: 0.0]
      [GC Worker Total (ms): Min: 0.1, Avg: 7.9, Max: 13.3, Diff: 13.3, Sum: 63.3]
      [GC Worker End (ms): Min: 8187.1, Avg: 8187.1, Max: 8187.2, Diff: 0.1]
   [Code Root Fixup: 0.0 ms]
   [Code Root Purge: 0.0 ms]
   [Clear CT: 0.2 ms]
   [Other: 1.4 ms]
      [Choose CSet: 0.0 ms]
      [Ref Proc: 1.1 ms]
      [Ref Enq: 0.0 ms]
      [Redirty Cards: 0.2 ms]
      [Humongous Register: 0.0 ms]
      [Humongous Reclaim: 0.0 ms]
      [Free CSet: 0.0 ms]
   [Eden: 108.0M(108.0M)->0.0B(106.0M) Survivors: 12.0M->12.0M Heap: 165.6M(200.0M)->60.9M(200.0M)]
 [Times: user=0.00 sys=0.01, real=0.02 secs] 
2020-09-11T13:32:40.861+0800: 30.138: [GC pause (G1 Evacuation Pause) (young), 0.0181646 secs]
   [Parallel Time: 16.4 ms, GC Workers: 8]
      [GC Worker Start (ms): Min: 30138.3, Avg: 30138.5, Max: 30138.8, Diff: 0.4]
      [Ext Root Scanning (ms): Min: 1.4, Avg: 8.4, Max: 16.3, Diff: 14.9, Sum: 67.0]
      [Update RS (ms): Min: 0.0, Avg: 1.5, Max: 3.2, Diff: 3.2, Sum: 11.9]
         [Processed Buffers: Min: 0, Avg: 6.1, Max: 17, Diff: 17, Sum: 49]
      [Scan RS (ms): Min: 0.0, Avg: 0.3, Max: 0.8, Diff: 0.8, Sum: 2.5]
      [Code Root Scanning (ms): Min: 0.0, Avg: 0.1, Max: 0.4, Diff: 0.4, Sum: 0.7]
      [Object Copy (ms): Min: 0.0, Avg: 4.3, Max: 8.8, Diff: 8.8, Sum: 34.7]
      [Termination (ms): Min: 0.0, Avg: 1.6, Max: 2.1, Diff: 2.1, Sum: 12.4]
         [Termination Attempts: Min: 1, Avg: 29.6, Max: 88, Diff: 87, Sum: 237]
      [GC Worker Other (ms): Min: 0.0, Avg: 0.0, Max: 0.0, Diff: 0.0, Sum: 0.1]
      [GC Worker Total (ms): Min: 15.9, Avg: 16.2, Max: 16.4, Diff: 0.5, Sum: 129.4]
      [GC Worker End (ms): Min: 30154.6, Avg: 30154.7, Max: 30154.7, Diff: 0.1]
   [Code Root Fixup: 0.0 ms]
   [Code Root Purge: 0.0 ms]
   [Clear CT: 0.1 ms]
   [Other: 1.7 ms]
      [Choose CSet: 0.0 ms]
      [Ref Proc: 1.3 ms]
      [Ref Enq: 0.0 ms]
      [Redirty Cards: 0.1 ms]
      [Humongous Register: 0.0 ms]
      [Humongous Reclaim: 0.0 ms]
      [Free CSet: 0.1 ms]
   [Eden: 106.0M(106.0M)->0.0B(102.0M) Survivors: 12.0M->12.0M Heap: 166.9M(200.0M)->65.2M(200.0M)]
 [Times: user=0.06 sys=0.00, real=0.02 secs] 
2020-09-11T13:33:34.437+0800: 83.711: [GC pause (G1 Evacuation Pause) (young) (to-space exhausted), 0.1426189 secs]
   [Parallel Time: 112.5 ms, GC Workers: 8]
      [GC Worker Start (ms): Min: 83711.3, Avg: 83711.3, Max: 83711.4, Diff: 0.1]
      [Ext Root Scanning (ms): Min: 4.4, Avg: 5.0, Max: 6.6, Diff: 2.2, Sum: 40.4]
      [Update RS (ms): Min: 0.6, Avg: 2.2, Max: 3.2, Diff: 2.5, Sum: 17.7]
         [Processed Buffers: Min: 1, Avg: 7.1, Max: 13, Diff: 12, Sum: 57]
      [Scan RS (ms): Min: 0.0, Avg: 0.7, Max: 1.0, Diff: 1.0, Sum: 5.9]
      [Code Root Scanning (ms): Min: 0.0, Avg: 0.3, Max: 1.7, Diff: 1.7, Sum: 2.5]
      [Object Copy (ms): Min: 35.0, Avg: 48.0, Max: 102.6, Diff: 67.6, Sum: 384.0]
      [Termination (ms): Min: 0.0, Avg: 54.9, Max: 67.1, Diff: 67.1, Sum: 439.2]
         [Termination Attempts: Min: 1, Avg: 1.9, Max: 5, Diff: 4, Sum: 15]
      [GC Worker Other (ms): Min: 0.0, Avg: 0.0, Max: 0.0, Diff: 0.0, Sum: 0.1]
      [GC Worker Total (ms): Min: 111.0, Avg: 111.2, Max: 112.4, Diff: 1.4, Sum: 889.7]
      [GC Worker End (ms): Min: 83822.3, Avg: 83822.5, Max: 83823.7, Diff: 1.4]
   [Code Root Fixup: 0.0 ms]
   [Code Root Purge: 0.1 ms]
   [Clear CT: 0.1 ms]
   [Other: 30.0 ms]
      [Evacuation Failure: 25.6 ms]
      [Choose CSet: 0.0 ms]
      [Ref Proc: 4.0 ms]
      [Ref Enq: 0.0 ms]
      [Redirty Cards: 0.1 ms]
      [Humongous Register: 0.0 ms]
      [Humongous Reclaim: 0.0 ms]
      [Free CSet: 0.1 ms]
   [Eden: 102.0M(102.0M)->0.0B(1024.0K) Survivors: 12.0M->15.0M Heap: 167.2M(200.0M)->195.0M(200.0M)]
 [Times: user=0.59 sys=0.02, real=0.14 secs] 
2020-09-11T13:33:34.607+0800: 83.880: [GC pause (G1 Evacuation Pause) (young) (initial-mark) (to-space exhausted), 0.0645758 secs]
   [Parallel Time: 56.8 ms, GC Workers: 8]
      [GC Worker Start (ms): Min: 83880.6, Avg: 83880.9, Max: 83882.1, Diff: 1.5]
      [Ext Root Scanning (ms): Min: 0.4, Avg: 3.1, Max: 4.7, Diff: 4.3, Sum: 25.2]
      [Update RS (ms): Min: 1.6, Avg: 2.5, Max: 6.1, Diff: 4.5, Sum: 19.6]
         [Processed Buffers: Min: 2, Avg: 6.0, Max: 18, Diff: 16, Sum: 48]
      [Scan RS (ms): Min: 0.1, Avg: 2.1, Max: 2.8, Diff: 2.7, Sum: 16.9]
      [Code Root Scanning (ms): Min: 0.0, Avg: 0.4, Max: 2.8, Diff: 2.8, Sum: 3.3]
      [Object Copy (ms): Min: 47.6, Avg: 48.3, Max: 48.9, Diff: 1.4, Sum: 386.3]
      [Termination (ms): Min: 0.0, Avg: 0.0, Max: 0.0, Diff: 0.0, Sum: 0.1]
         [Termination Attempts: Min: 1, Avg: 1.3, Max: 2, Diff: 1, Sum: 10]
      [GC Worker Other (ms): Min: 0.0, Avg: 0.0, Max: 0.0, Diff: 0.0, Sum: 0.1]
      [GC Worker Total (ms): Min: 55.2, Avg: 56.4, Max: 56.8, Diff: 1.5, Sum: 451.5]
      [GC Worker End (ms): Min: 83937.3, Avg: 83937.3, Max: 83937.3, Diff: 0.0]
   [Code Root Fixup: 0.0 ms]
   [Code Root Purge: 0.0 ms]
   [Clear CT: 0.0 ms]
   [Other: 7.7 ms]
      [Evacuation Failure: 6.5 ms]
      [Choose CSet: 0.0 ms]
      [Ref Proc: 0.7 ms]
      [Ref Enq: 0.0 ms]
      [Redirty Cards: 0.2 ms]
      [Humongous Register: 0.0 ms]
      [Humongous Reclaim: 0.0 ms]
      [Free CSet: 0.1 ms]
   [Eden: 1024.0K(1024.0K)->0.0B(9216.0K) Survivors: 15.0M->1024.0K Heap: 196.0M(200.0M)->200.0M(200.0M)]
 [Times: user=0.17 sys=0.00, real=0.06 secs] 
2020-09-11T13:33:34.671+0800: 83.945: [GC concurrent-root-region-scan-start]
2020-09-11T13:33:34.673+0800: 83.947: [GC concurrent-root-region-scan-end, 0.0020777 secs]
2020-09-11T13:33:34.673+0800: 83.947: [GC concurrent-mark-start]
2020-09-11T13:33:34.675+0800: 83.949: [GC pause (G1 Evacuation Pause) (young) (to-space exhausted), 0.0231955 secs]
   [Parallel Time: 21.7 ms, GC Workers: 8]
      [GC Worker Start (ms): Min: 83949.3, Avg: 83949.3, Max: 83949.3, Diff: 0.0]
      [Ext Root Scanning (ms): Min: 0.5, Avg: 1.6, Max: 2.1, Diff: 1.6, Sum: 12.6]
      [Update RS (ms): Min: 8.2, Avg: 8.4, Max: 8.9, Diff: 0.7, Sum: 67.6]
         [Processed Buffers: Min: 0, Avg: 15.8, Max: 25, Diff: 25, Sum: 126]
      [Scan RS (ms): Min: 0.0, Avg: 0.0, Max: 0.0, Diff: 0.0, Sum: 0.0]
      [Code Root Scanning (ms): Min: 0.0, Avg: 0.0, Max: 0.0, Diff: 0.0, Sum: 0.0]
      [Object Copy (ms): Min: 0.1, Avg: 5.0, Max: 11.2, Diff: 11.1, Sum: 39.7]
      [Termination (ms): Min: 0.0, Avg: 6.6, Max: 10.7, Diff: 10.7, Sum: 52.5]
         [Termination Attempts: Min: 1, Avg: 1.0, Max: 1, Diff: 0, Sum: 8]
      [GC Worker Other (ms): Min: 0.0, Avg: 0.0, Max: 0.0, Diff: 0.0, Sum: 0.1]
      [GC Worker Total (ms): Min: 21.5, Avg: 21.6, Max: 21.6, Diff: 0.0, Sum: 172.4]
      [GC Worker End (ms): Min: 83970.8, Avg: 83970.8, Max: 83970.8, Diff: 0.0]
   [Code Root Fixup: 0.0 ms]
   [Code Root Purge: 0.0 ms]
   [Clear CT: 0.0 ms]
   [Other: 1.4 ms]
      [Evacuation Failure: 0.2 ms]
      [Choose CSet: 0.0 ms]
      [Ref Proc: 1.1 ms]
      [Ref Enq: 0.0 ms]
      [Redirty Cards: 0.1 ms]
      [Humongous Register: 0.0 ms]
      [Humongous Reclaim: 0.0 ms]
      [Free CSet: 0.0 ms]
   [Eden: 0.0B(9216.0K)->0.0B(10.0M) Survivors: 1024.0K->0.0B Heap: 200.0M(200.0M)->200.0M(200.0M)]
 [Times: user=0.17 sys=0.00, real=0.02 secs] 
2020-09-11T13:33:34.700+0800: 83.974: [Full GC (Allocation Failure)  200M->66M(200M), 0.2112293 secs]
   [Eden: 0.0B(10.0M)->0.0B(102.0M) Survivors: 0.0B->0.0B Heap: 200.0M(200.0M)->66.2M(200.0M)], [Metaspace: 59332K->58935K(1101824K)]
 [Times: user=0.31 sys=0.02, real=0.21 secs] 
2020-09-11T13:33:34.912+0800: 84.186: [GC concurrent-mark-abort]
2020-09-11T13:33:35.884+0800: 85.158: [GC pause (G1 Evacuation Pause) (young), 0.0216974 secs]
   [Parallel Time: 19.9 ms, GC Workers: 8]
      [GC Worker Start (ms): Min: 85158.5, Avg: 85162.2, Max: 85165.2, Diff: 6.6]
      [Ext Root Scanning (ms): Min: 0.0, Avg: 1.0, Max: 2.9, Diff: 2.9, Sum: 7.8]
      [Update RS (ms): Min: 0.0, Avg: 1.9, Max: 4.0, Diff: 4.0, Sum: 15.0]
         [Processed Buffers: Min: 0, Avg: 28.3, Max: 56, Diff: 56, Sum: 226]
      [Scan RS (ms): Min: 0.0, Avg: 0.0, Max: 0.0, Diff: 0.0, Sum: 0.1]
      [Code Root Scanning (ms): Min: 0.0, Avg: 3.2, Max: 12.8, Diff: 12.8, Sum: 25.9]
      [Object Copy (ms): Min: 0.0, Avg: 1.3, Max: 2.0, Diff: 2.0, Sum: 10.2]
      [Termination (ms): Min: 0.0, Avg: 8.5, Max: 11.6, Diff: 11.6, Sum: 67.8]
         [Termination Attempts: Min: 1, Avg: 1.0, Max: 1, Diff: 0, Sum: 8]
      [GC Worker Other (ms): Min: 0.0, Avg: 0.0, Max: 0.0, Diff: 0.0, Sum: 0.1]
      [GC Worker Total (ms): Min: 12.8, Avg: 15.9, Max: 19.9, Diff: 7.1, Sum: 126.8]
      [GC Worker End (ms): Min: 85178.0, Avg: 85178.1, Max: 85178.4, Diff: 0.4]
   [Code Root Fixup: 0.0 ms]
   [Code Root Purge: 0.1 ms]
   [Clear CT: 0.1 ms]
   [Other: 1.6 ms]
      [Choose CSet: 0.0 ms]
      [Ref Proc: 1.0 ms]
      [Ref Enq: 0.0 ms]
      [Redirty Cards: 0.0 ms]
      [Humongous Register: 0.0 ms]
      [Humongous Reclaim: 0.0 ms]
      [Free CSet: 0.1 ms]
   [Eden: 102.0M(102.0M)->0.0B(100.0M) Survivors: 0.0B->4096.0K Heap: 168.2M(200.0M)->69.3M(200.0M)]
 [Times: user=0.09 sys=0.00, real=0.02 secs] 
2020-09-11T13:35:27.337+0800: 196.604: [GC pause (G1 Evacuation Pause) (young), 0.0059255 secs]
   [Parallel Time: 3.9 ms, GC Workers: 8]
      [GC Worker Start (ms): Min: 196604.4, Avg: 196604.5, Max: 196604.6, Diff: 0.2]
      [Ext Root Scanning (ms): Min: 0.8, Avg: 1.0, Max: 1.4, Diff: 0.5, Sum: 8.1]
      [Update RS (ms): Min: 0.4, Avg: 0.6, Max: 0.7, Diff: 0.4, Sum: 5.0]
         [Processed Buffers: Min: 10, Avg: 24.8, Max: 41, Diff: 31, Sum: 198]
      [Scan RS (ms): Min: 0.5, Avg: 0.6, Max: 0.6, Diff: 0.1, Sum: 4.6]
      [Code Root Scanning (ms): Min: 0.0, Avg: 0.1, Max: 0.4, Diff: 0.4, Sum: 0.7]
      [Object Copy (ms): Min: 1.3, Avg: 1.5, Max: 1.6, Diff: 0.3, Sum: 12.2]
      [Termination (ms): Min: 0.0, Avg: 0.0, Max: 0.0, Diff: 0.0, Sum: 0.0]
         [Termination Attempts: Min: 1, Avg: 5.1, Max: 9, Diff: 8, Sum: 41]
      [GC Worker Other (ms): Min: 0.0, Avg: 0.0, Max: 0.0, Diff: 0.0, Sum: 0.2]
      [GC Worker Total (ms): Min: 3.7, Avg: 3.8, Max: 3.9, Diff: 0.2, Sum: 30.7]
      [GC Worker End (ms): Min: 196608.3, Avg: 196608.3, Max: 196608.3, Diff: 0.0]
   [Code Root Fixup: 0.0 ms]
   [Code Root Purge: 0.0 ms]
   [Clear CT: 0.2 ms]
   [Other: 1.8 ms]
      [Choose CSet: 0.0 ms]
      [Ref Proc: 1.2 ms]
      [Ref Enq: 0.0 ms]
      [Redirty Cards: 0.0 ms]
      [Humongous Register: 0.0 ms]
      [Humongous Reclaim: 0.0 ms]
      [Free CSet: 0.1 ms]
   [Eden: 100.0M(100.0M)->0.0B(99.0M) Survivors: 4096.0K->6144.0K Heap: 169.3M(200.0M)->71.4M(200.0M)]
 [Times: user=0.00 sys=0.00, real=0.01 secs] 
